------------------------------------------------------------
Timing Analyzer Summary
------------------------------------------------------------

Type  : Slow 1100mV 85C Model Setup 'R1select[0]'
Slack : -8.060
TNS   : -8.060

Type  : Slow 1100mV 85C Model Setup 'CLK'
Slack : -6.861
TNS   : -323.962

Type  : Slow 1100mV 85C Model Hold 'CLK'
Slack : -3.819
TNS   : -3.819

Type  : Slow 1100mV 85C Model Hold 'R1select[0]'
Slack : 0.924
TNS   : 0.000

Type  : Slow 1100mV 85C Model Minimum Pulse Width 'CLK'
Slack : -0.394
TNS   : -111.322

Type  : Slow 1100mV 85C Model Minimum Pulse Width 'R1select[0]'
Slack : 0.437
TNS   : 0.000

Type  : Slow 1100mV 0C Model Setup 'R1select[0]'
Slack : -8.210
TNS   : -8.210

Type  : Slow 1100mV 0C Model Setup 'CLK'
Slack : -6.791
TNS   : -314.600

Type  : Slow 1100mV 0C Model Hold 'CLK'
Slack : -3.846
TNS   : -3.846

Type  : Slow 1100mV 0C Model Hold 'R1select[0]'
Slack : 0.973
TNS   : 0.000

Type  : Slow 1100mV 0C Model Minimum Pulse Width 'CLK'
Slack : -0.394
TNS   : -121.971

Type  : Slow 1100mV 0C Model Minimum Pulse Width 'R1select[0]'
Slack : 0.401
TNS   : 0.000

Type  : Fast 1100mV 85C Model Setup 'R1select[0]'
Slack : -4.227
TNS   : -4.227

Type  : Fast 1100mV 85C Model Setup 'CLK'
Slack : -3.770
TNS   : -180.237

Type  : Fast 1100mV 85C Model Hold 'CLK'
Slack : -2.386
TNS   : -2.386

Type  : Fast 1100mV 85C Model Hold 'R1select[0]'
Slack : 0.449
TNS   : 0.000

Type  : Fast 1100mV 85C Model Minimum Pulse Width 'CLK'
Slack : -0.086
TNS   : -14.004

Type  : Fast 1100mV 85C Model Minimum Pulse Width 'R1select[0]'
Slack : 0.497
TNS   : 0.000

Type  : Fast 1100mV 0C Model Setup 'R1select[0]'
Slack : -4.019
TNS   : -4.019

Type  : Fast 1100mV 0C Model Setup 'CLK'
Slack : -3.343
TNS   : -153.485

Type  : Fast 1100mV 0C Model Hold 'CLK'
Slack : -2.375
TNS   : -2.375

Type  : Fast 1100mV 0C Model Hold 'R1select[0]'
Slack : 0.432
TNS   : 0.000

Type  : Fast 1100mV 0C Model Minimum Pulse Width 'CLK'
Slack : -0.083
TNS   : -14.702

Type  : Fast 1100mV 0C Model Minimum Pulse Width 'R1select[0]'
Slack : 0.488
TNS   : 0.000

------------------------------------------------------------
