------------------------------------------------------------
Timing Analyzer Summary
------------------------------------------------------------

Type  : Slow 1100mV 85C Model Setup 'R1select[0]'
Slack : -6.655
TNS   : -6.655

Type  : Slow 1100mV 85C Model Setup 'CLK'
Slack : -4.284
TNS   : -19.662

Type  : Slow 1100mV 85C Model Hold 'R1select[0]'
Slack : 0.706
TNS   : 0.000

Type  : Slow 1100mV 85C Model Hold 'CLK'
Slack : 0.853
TNS   : 0.000

Type  : Slow 1100mV 85C Model Minimum Pulse Width 'CLK'
Slack : -0.394
TNS   : -9.502

Type  : Slow 1100mV 85C Model Minimum Pulse Width 'R1select[0]'
Slack : 0.461
TNS   : 0.000

Type  : Slow 1100mV 0C Model Setup 'R1select[0]'
Slack : -6.834
TNS   : -6.834

Type  : Slow 1100mV 0C Model Setup 'CLK'
Slack : -4.198
TNS   : -18.187

Type  : Slow 1100mV 0C Model Hold 'R1select[0]'
Slack : 0.660
TNS   : 0.000

Type  : Slow 1100mV 0C Model Hold 'CLK'
Slack : 0.908
TNS   : 0.000

Type  : Slow 1100mV 0C Model Minimum Pulse Width 'CLK'
Slack : -0.394
TNS   : -10.094

Type  : Slow 1100mV 0C Model Minimum Pulse Width 'R1select[0]'
Slack : 0.459
TNS   : 0.000

Type  : Fast 1100mV 85C Model Setup 'R1select[0]'
Slack : -3.375
TNS   : -3.375

Type  : Fast 1100mV 85C Model Setup 'CLK'
Slack : -2.803
TNS   : -13.501

Type  : Fast 1100mV 85C Model Hold 'CLK'
Slack : 0.399
TNS   : 0.000

Type  : Fast 1100mV 85C Model Hold 'R1select[0]'
Slack : 0.405
TNS   : 0.000

Type  : Fast 1100mV 85C Model Minimum Pulse Width 'CLK'
Slack : -0.081
TNS   : -1.208

Type  : Fast 1100mV 85C Model Minimum Pulse Width 'R1select[0]'
Slack : 0.463
TNS   : 0.000

Type  : Fast 1100mV 0C Model Setup 'R1select[0]'
Slack : -3.248
TNS   : -3.248

Type  : Fast 1100mV 0C Model Setup 'CLK'
Slack : -2.077
TNS   : -9.913

Type  : Fast 1100mV 0C Model Hold 'R1select[0]'
Slack : 0.359
TNS   : 0.000

Type  : Fast 1100mV 0C Model Hold 'CLK'
Slack : 0.382
TNS   : 0.000

Type  : Fast 1100mV 0C Model Minimum Pulse Width 'CLK'
Slack : -0.080
TNS   : -1.274

Type  : Fast 1100mV 0C Model Minimum Pulse Width 'R1select[0]'
Slack : 0.461
TNS   : 0.000

------------------------------------------------------------
