------------------------------------------------------------
Timing Analyzer Summary
------------------------------------------------------------

Type  : Slow 1100mV 85C Model Setup 'clk'
Slack : -2.800
TNS   : -109.523

Type  : Slow 1100mV 85C Model Hold 'clk'
Slack : 0.276
TNS   : 0.000

Type  : Slow 1100mV 85C Model Recovery 'clk'
Slack : -1.928
TNS   : -17.408

Type  : Slow 1100mV 85C Model Removal 'clk'
Slack : 1.101
TNS   : 0.000

Type  : Slow 1100mV 85C Model Minimum Pulse Width 'clk'
Slack : -0.394
TNS   : -31.592

Type  : Slow 1100mV 0C Model Setup 'clk'
Slack : -2.624
TNS   : -103.820

Type  : Slow 1100mV 0C Model Hold 'clk'
Slack : 0.315
TNS   : 0.000

Type  : Slow 1100mV 0C Model Recovery 'clk'
Slack : -1.838
TNS   : -16.807

Type  : Slow 1100mV 0C Model Removal 'clk'
Slack : 1.171
TNS   : 0.000

Type  : Slow 1100mV 0C Model Minimum Pulse Width 'clk'
Slack : -0.394
TNS   : -33.869

Type  : Fast 1100mV 85C Model Setup 'clk'
Slack : -1.134
TNS   : -39.475

Type  : Fast 1100mV 85C Model Hold 'clk'
Slack : 0.157
TNS   : 0.000

Type  : Fast 1100mV 85C Model Recovery 'clk'
Slack : -0.503
TNS   : -4.279

Type  : Fast 1100mV 85C Model Removal 'clk'
Slack : 0.685
TNS   : 0.000

Type  : Fast 1100mV 85C Model Minimum Pulse Width 'clk'
Slack : -0.091
TNS   : -4.865

Type  : Fast 1100mV 0C Model Setup 'clk'
Slack : -0.982
TNS   : -32.888

Type  : Fast 1100mV 0C Model Hold 'clk'
Slack : 0.165
TNS   : 0.000

Type  : Fast 1100mV 0C Model Recovery 'clk'
Slack : -0.397
TNS   : -2.737

Type  : Fast 1100mV 0C Model Removal 'clk'
Slack : 0.619
TNS   : 0.000

Type  : Fast 1100mV 0C Model Minimum Pulse Width 'clk'
Slack : -0.090
TNS   : -5.018

------------------------------------------------------------
